Downloading https://services.gradle.org/distributions/gradle-8.7-bin.zip
............10%.............20%.............30%.............40%............50%.............60%.............70%.............80%.............90%............100%
To honour the JVM settings for this build a single-use Daemon process will be forked. For more on this, please refer to https://docs.gradle.org/8.7/userguide/gradle_daemon.html#sec:disabling_the_daemon in the Gradle documentation.
Daemon will be stopped at the end of the build 
> Task :app:preBuild UP-TO-DATE
> Task :app:preReleaseBuild UP-TO-DATE
> Task :app:mergeReleaseJniLibFolders
> Task :app:mergeReleaseNativeLibs NO-SOURCE
> Task :app:stripReleaseDebugSymbols NO-SOURCE
> Task :app:extractReleaseNativeSymbolTables NO-SOURCE
> Task :app:mergeReleaseNativeDebugMetadata NO-SOURCE
> Task :app:checkReleaseDuplicateClasses
> Task :app:dataBindingMergeDependencyArtifactsRelease
> Task :app:generateReleaseResValues
> Task :app:generateReleaseResources
> Task :app:packageReleaseResources
> Task :app:mergeReleaseResources
> Task :app:parseReleaseLocalResources
> Task :app:javaPreCompileRelease
> Task :app:dataBindingGenBaseClassesRelease
> Task :app:mapReleaseSourceSetPaths
> Task :app:checkReleaseAarMetadata
> Task :app:createReleaseCompatibleScreenManifests
> Task :app:extractDeepLinksRelease
> Task :app:processReleaseMainManifest
> Task :app:processReleaseManifest
> Task :app:mergeReleaseArtProfile
> Task :app:extractProguardFiles
> Task :app:mergeReleaseShaders
> Task :app:compileReleaseShaders NO-SOURCE
> Task :app:generateReleaseAssets UP-TO-DATE
> Task :app:mergeReleaseAssets
> Task :app:compressReleaseAssets
> Task :app:processApplicationManifestReleaseForBundle
> Task :app:collectReleaseDependencies
> Task :app:sdkReleaseDependencyData
> Task :app:validateSigningRelease
> Task :app:writeReleaseAppMetadata
> Task :app:writeReleaseSigningConfigVersions
> Task :app:processReleaseManifestForPackage
> Task :app:processReleaseResources

> Task :app:compileReleaseJavaWithJavac
Note: /home/runner/work/Mslosjanznzlalq/Mslosjanznzlalq/app/src/main/java/com/aether/app/MainActivity.java uses or overrides a deprecated API.
Note: Recompile with -Xlint:deprecation for details.

> Task :app:mergeReleaseGeneratedProguardFiles
> Task :app:processReleaseJavaRes
> Task :app:expandReleaseArtProfileWildcards
> Task :app:mergeReleaseJavaResource
> Task :app:bundleReleaseResources
> Task :app:minifyReleaseWithR8
> Task :app:compileReleaseArtProfile
> Task :app:shrinkReleaseRes
> Task :app:optimizeReleaseResources
> Task :app:packageRelease
> Task :app:createReleaseApkListingFileRedirect
> Task :app:assembleRelease
gradle/actions: Writing build results to /home/runner/work/_temp/.gradle-actions/build-results/__run_5-1789850645055.json

BUILD SUCCESSFUL in 1m 33s
40 actionable tasks: 40 executed
To honour the JVM settings for this build a single-use Daemon process will be forked. For more on this, please refer to https://docs.gradle.org/8.7/userguide/gradle_daemon.html#sec:disabling_the_daemon in the Gradle documentation.
Daemon will be stopped at the end of the build 
> Task :app:preBuild UP-TO-DATE
> Task :app:preDebugBuild UP-TO-DATE
> Task :app:mergeDebugNativeDebugMetadata NO-SOURCE
> Task :app:generateDebugResValues
> Task :app:generateDebugResources
> Task :app:dataBindingMergeDependencyArtifactsDebug
> Task :app:packageDebugResources
> Task :app:javaPreCompileDebug
> Task :app:parseDebugLocalResources
> Task :app:checkDebugAarMetadata
> Task :app:mapDebugSourceSetPaths
> Task :app:createDebugCompatibleScreenManifests
> Task :app:extractDeepLinksDebug
> Task :app:processDebugMainManifest
> Task :app:mergeDebugResources
> Task :app:processDebugManifest
> Task :app:dataBindingGenBaseClassesDebug
> Task :app:mergeDebugShaders
> Task :app:compileDebugShaders NO-SOURCE
> Task :app:generateDebugAssets UP-TO-DATE
> Task :app:processDebugManifestForPackage
> Task :app:mergeDebugAssets
> Task :app:compressDebugAssets
> Task :app:checkDebugDuplicateClasses
> Task :app:mergeDebugArtProfile
> Task :app:extractProguardFiles UP-TO-DATE
> Task :app:processApplicationManifestDebugForBundle
> Task :app:mergeDebugJniLibFolders
> Task :app:mergeDebugNativeLibs NO-SOURCE
> Task :app:stripDebugDebugSymbols NO-SOURCE
> Task :app:processDebugResources
> Task :app:validateSigningDebug

> Task :app:compileDebugJavaWithJavac
Note: /home/runner/work/Mslosjanznzlalq/Mslosjanznzlalq/app/src/main/java/com/aether/app/MainActivity.java uses or overrides a deprecated API.
Note: Recompile with -Xlint:deprecation for details.

> Task :app:mergeDebugGeneratedProguardFiles
> Task :app:processDebugJavaRes
> Task :app:writeDebugAppMetadata
> Task :app:writeDebugSigningConfigVersions
> Task :app:expandDebugArtProfileWildcards
> Task :app:mergeDebugJavaResource
> Task :app:bundleDebugResources
> Task :app:minifyDebugWithR8
> Task :app:shrinkDebugRes
> Task :app:packageDebug
> Task :app:createDebugApkListingFileRedirect
> Task :app:assembleDebug
gradle/actions: Writing build results to /home/runner/work/_temp/.gradle-actions/build-results/__run_6-1789850736725.json

BUILD SUCCESSFUL in 1m 10s
36 actionable tasks: 35 executed, 1 up-to-date
